// Jest Snapshot v1, https://goo.gl/fbAQLP

exports[`<Heading /> should render heading as h1 by default 1`] = `
.c0 {
  font-size: 3.6rem;
  color: #fff;
  font-weight: 600;
}

@media (max-width:550px) {
  .c0 {
    font-size: calc(3.6rem / 1.3);
    line-height: 1.3;
  }
}

<h1
  class="c0"
  color="#fff"
  font-weight="600"
>
  Bem vindo
</h1>
`
